// Jest Snapshot v1, https://goo.gl/fbAQLP

exports[`workers/repository/update/branch/auto-replace doReplacementAutoReplace handles already replaced 1`] = `"FROM library/ubuntu:20.04"`;
