// Jest Snapshot v1, https://goo.gl/fbAQLP

exports[`workers/branch/auto-replace doAutoReplace doReplacementAutoReplace updates with docker replacement 1`] = `"FROM mcr.microsoft.com/oss/bitnami/redis:6.0.8"`;

exports[`workers/branch/auto-replace doAutoReplace doReplacementAutoReplace updates with terraform replacement 1`] = `
"module \\"foo\\" {
source = \\"github.com/hashicorp/new-example?ref=v1.0.0\\"
}"
`;

exports[`workers/branch/auto-replace doAutoReplace handles a double attempt 1`] = `"     <script src=\\"https://cdnjs.cloudflare.com/ajax/libs/reactstrap/7.1.0/reactstrap.min.js\\">  <script src=\\"https://cdnjs.cloudflare.com/ajax/libs/reactstrap/7.1.1/reactstrap.min.js\\"> "`;

exports[`workers/branch/auto-replace doAutoReplace handles already updated 1`] = `"     <script src=\\"https://cdnjs.cloudflare.com/ajax/libs/reactstrap/7.1.1/reactstrap.min.js\\">   "`;

exports[`workers/branch/auto-replace doAutoReplace updates version and integrity 1`] = `"     <script src=\\"https://cdnjs.cloudflare.com/ajax/libs/KaTeX/0.11.1/katex.min.js\\" integrity=\\"sha256-aaaaaaaaaaaaaaaaaaaaaaaaaaaaaaaaaaaaaa\\" crossorigin=\\"anonymous\\">   "`;

exports[`workers/branch/auto-replace doAutoReplace updates version only 1`] = `"     <script src=\\"https://cdnjs.cloudflare.com/ajax/libs/reactstrap/7.1.1/reactstrap.min.js\\">   "`;

exports[`workers/branch/auto-replace doAutoReplace updates with autoReplaceNewString 1`] = `"FROM node:8.11.4-alpine@sha256:aaaaaaaaaaaaaaaaaaaaaaaaaaaaaaaaaaaaaa AS node"`;

exports[`workers/branch/auto-replace doReplacementAutoReplace handles already replaced 1`] = `"FROM library/ubuntu:20.04"`;

exports[`workers/branch/auto-replace doReplacementAutoReplace updates with docker replacement 1`] = `"FROM mcr.microsoft.com/oss/bitnami/redis:6.0.8"`;

exports[`workers/branch/auto-replace doReplacementAutoReplace updates with terraform replacement 1`] = `
"module \\"foo\\" {
source = \\"github.com/hashicorp/new-example?ref=v1.0.0\\"
}"
`;
